Archive member included to satisfy reference by file (symbol)

c:/program files (x86)/atmel/studio/7.0/toolchain/arm/arm-gnu-toolchain/bin/../lib/gcc/arm-none-eabi/6.3.1/thumb/v6-m\libgcc.a(_udivsi3.o)
                              src/ASF/sam0/drivers/system/clock/clock_samd20/gclk.o (__aeabi_uidiv)
c:/program files (x86)/atmel/studio/7.0/toolchain/arm/arm-gnu-toolchain/bin/../lib/gcc/arm-none-eabi/6.3.1/thumb/v6-m\libgcc.a(_dvmd_tls.o)
                              c:/program files (x86)/atmel/studio/7.0/toolchain/arm/arm-gnu-toolchain/bin/../lib/gcc/arm-none-eabi/6.3.1/thumb/v6-m\libgcc.a(_udivsi3.o) (__aeabi_idiv0)
c:/program files (x86)/atmel/studio/7.0/toolchain/arm/arm-gnu-toolchain/bin/../lib/gcc/arm-none-eabi/6.3.1/thumb/v6-m\libgcc.a(_muldi3.o)
                              src/ASF/sam0/drivers/sercom/sercom.o (__aeabi_lmul)
c:/program files (x86)/atmel/studio/7.0/toolchain/arm/arm-gnu-toolchain/bin/../lib/gcc/arm-none-eabi/6.3.1/../../../../arm-none-eabi/lib/thumb/v6-m\libc_nano.a(lib_a-exit.o)
                              c:/program files (x86)/atmel/studio/7.0/toolchain/arm/arm-gnu-toolchain/bin/../lib/gcc/arm-none-eabi/6.3.1/../../../../arm-none-eabi/lib/thumb/v6-m/crt0.o (exit)
c:/program files (x86)/atmel/studio/7.0/toolchain/arm/arm-gnu-toolchain/bin/../lib/gcc/arm-none-eabi/6.3.1/../../../../arm-none-eabi/lib/thumb/v6-m\libc_nano.a(lib_a-impure.o)
                              c:/program files (x86)/atmel/studio/7.0/toolchain/arm/arm-gnu-toolchain/bin/../lib/gcc/arm-none-eabi/6.3.1/../../../../arm-none-eabi/lib/thumb/v6-m\libc_nano.a(lib_a-exit.o) (_global_impure_ptr)
c:/program files (x86)/atmel/studio/7.0/toolchain/arm/arm-gnu-toolchain/bin/../lib/gcc/arm-none-eabi/6.3.1/../../../../arm-none-eabi/lib/thumb/v6-m\libc_nano.a(lib_a-init.o)
                              c:/program files (x86)/atmel/studio/7.0/toolchain/arm/arm-gnu-toolchain/bin/../lib/gcc/arm-none-eabi/6.3.1/../../../../arm-none-eabi/lib/thumb/v6-m/crt0.o (__libc_init_array)
c:/program files (x86)/atmel/studio/7.0/toolchain/arm/arm-gnu-toolchain/bin/../lib/gcc/arm-none-eabi/6.3.1/../../../../arm-none-eabi/lib/thumb/v6-m\libc_nano.a(lib_a-memset.o)
                              c:/program files (x86)/atmel/studio/7.0/toolchain/arm/arm-gnu-toolchain/bin/../lib/gcc/arm-none-eabi/6.3.1/../../../../arm-none-eabi/lib/thumb/v6-m/crt0.o (memset)

Allocating common symbols
Common symbol       size              file

usart_instance      0x24              src/main.o
_sercom_instances   0x18              src/ASF/sam0/drivers/sercom/sercom_interrupt.o

Discarded input sections

 .text          0x00000000        0x0 c:/program files (x86)/atmel/studio/7.0/toolchain/arm/arm-gnu-toolchain/bin/../lib/gcc/arm-none-eabi/6.3.1/thumb/v6-m/crti.o
 .data          0x00000000        0x0 c:/program files (x86)/atmel/studio/7.0/toolchain/arm/arm-gnu-toolchain/bin/../lib/gcc/arm-none-eabi/6.3.1/thumb/v6-m/crti.o
 .bss           0x00000000        0x0 c:/program files (x86)/atmel/studio/7.0/toolchain/arm/arm-gnu-toolchain/bin/../lib/gcc/arm-none-eabi/6.3.1/thumb/v6-m/crti.o
 .data          0x00000000        0x4 c:/program files (x86)/atmel/studio/7.0/toolchain/arm/arm-gnu-toolchain/bin/../lib/gcc/arm-none-eabi/6.3.1/thumb/v6-m/crtbegin.o
 .text          0x00000000       0x78 c:/program files (x86)/atmel/studio/7.0/toolchain/arm/arm-gnu-toolchain/bin/../lib/gcc/arm-none-eabi/6.3.1/../../../../arm-none-eabi/lib/thumb/v6-m/crt0.o
 .data          0x00000000        0x0 c:/program files (x86)/atmel/studio/7.0/toolchain/arm/arm-gnu-toolchain/bin/../lib/gcc/arm-none-eabi/6.3.1/../../../../arm-none-eabi/lib/thumb/v6-m/crt0.o
 .bss           0x00000000        0x0 c:/program files (x86)/atmel/studio/7.0/toolchain/arm/arm-gnu-toolchain/bin/../lib/gcc/arm-none-eabi/6.3.1/../../../../arm-none-eabi/lib/thumb/v6-m/crt0.o
 .ARM.extab     0x00000000        0x0 c:/program files (x86)/atmel/studio/7.0/toolchain/arm/arm-gnu-toolchain/bin/../lib/gcc/arm-none-eabi/6.3.1/../../../../arm-none-eabi/lib/thumb/v6-m/crt0.o
 .ARM.exidx     0x00000000        0x8 c:/program files (x86)/atmel/studio/7.0/toolchain/arm/arm-gnu-toolchain/bin/../lib/gcc/arm-none-eabi/6.3.1/../../../../arm-none-eabi/lib/thumb/v6-m/crt0.o
 .ARM.attributes
                0x00000000       0x1b c:/program files (x86)/atmel/studio/7.0/toolchain/arm/arm-gnu-toolchain/bin/../lib/gcc/arm-none-eabi/6.3.1/../../../../arm-none-eabi/lib/thumb/v6-m/crt0.o
 .group         0x00000000        0x8 src/ASF/sam0/drivers/sercom/sercom.o
 .group         0x00000000        0x8 src/ASF/sam0/drivers/sercom/sercom.o
 .group         0x00000000        0x8 src/ASF/sam0/drivers/sercom/sercom.o
 .group         0x00000000        0x8 src/ASF/sam0/drivers/sercom/sercom.o
 .group         0x00000000        0x8 src/ASF/sam0/drivers/sercom/sercom.o
 .group         0x00000000        0x8 src/ASF/sam0/drivers/sercom/sercom.o
 .group         0x00000000        0x8 src/ASF/sam0/drivers/sercom/sercom.o
[...]
Memory Configuration

Name             Origin             Length             Attributes
rom              0x00000000         0x00040000         xr
ram              0x20000000         0x00008000         xrw
*default*        0x00000000         0xffffffff

Linker script and memory map

LOAD c:/program files (x86)/atmel/studio/7.0/toolchain/arm/arm-gnu-toolchain/bin/../lib/gcc/arm-none-eabi/6.3.1/thumb/v6-m/crti.o
LOAD c:/program files (x86)/atmel/studio/7.0/toolchain/arm/arm-gnu-toolchain/bin/../lib/gcc/arm-none-eabi/6.3.1/thumb/v6-m/crtbegin.o
LOAD c:/program files (x86)/atmel/studio/7.0/toolchain/arm/arm-gnu-toolchain/bin/../lib/gcc/arm-none-eabi/6.3.1/../../../../arm-none-eabi/lib/thumb/v6-m/crt0.o
LOAD src/ASF/sam0/drivers/sercom/sercom.o
LOAD src/ASF/sam0/drivers/sercom/usart/usart.o
LOAD src/ASF/sam0/drivers/sercom/usart/usart_interrupt.o
LOAD src/ASF/sam0/drivers/sercom/sercom_interrupt.o
LOAD src/ASF/common/utils/interrupt/interrupt_sam_nvic.o
LOAD src/ASF/sam0/boards/samd20_xplained_pro/board_init.o
LOAD src/ASF/sam0/drivers/port/port.o
LOAD src/ASF/sam0/drivers/system/clock/clock_samd20/clock.o
LOAD src/ASF/sam0/drivers/system/clock/clock_samd20/gclk.o
LOAD src/ASF/sam0/drivers/system/interrupt/system_interrupt.o
LOAD src/ASF/sam0/drivers/system/pinmux/pinmux.o
LOAD src/ASF/sam0/drivers/system/system.o
LOAD src/ASF/sam0/utils/cmsis/samd20/source/gcc/startup_samd20.o
LOAD src/ASF/sam0/utils/cmsis/samd20/source/system_samd20.o
LOAD src/ASF/sam0/utils/syscalls/gcc/syscalls.o
LOAD src/main.o
START GROUP
LOAD ../src/ASF/thirdparty/CMSIS/Lib/GCC\libarm_cortexM0l_math.a
LOAD c:/program files (x86)/atmel/studio/7.0/toolchain/arm/arm-gnu-toolchain/bin/../lib/gcc/arm-none-eabi/6.3.1/../../../../arm-none-eabi/lib/thumb/v6-m\libm.a
END GROUP
START GROUP
LOAD c:/program files (x86)/atmel/studio/7.0/toolchain/arm/arm-gnu-toolchain/bin/../lib/gcc/arm-none-eabi/6.3.1/thumb/v6-m\libgcc.a
LOAD c:/program files (x86)/atmel/studio/7.0/toolchain/arm/arm-gnu-toolchain/bin/../lib/gcc/arm-none-eabi/6.3.1/../../../../arm-none-eabi/lib/thumb/v6-m\libc_nano.a
END GROUP
START GROUP
LOAD c:/program files (x86)/atmel/studio/7.0/toolchain/arm/arm-gnu-toolchain/bin/../lib/gcc/arm-none-eabi/6.3.1/thumb/v6-m\libgcc.a
LOAD c:/program files (x86)/atmel/studio/7.0/toolchain/arm/arm-gnu-toolchain/bin/../lib/gcc/arm-none-eabi/6.3.1/../../../../arm-none-eabi/lib/thumb/v6-m\libc_nano.a
END GROUP
LOAD c:/program files (x86)/atmel/studio/7.0/toolchain/arm/arm-gnu-toolchain/bin/../lib/gcc/arm-none-eabi/6.3.1/thumb/v6-m/crtend.o
LOAD c:/program files (x86)/atmel/studio/7.0/toolchain/arm/arm-gnu-toolchain/bin/../lib/gcc/arm-none-eabi/6.3.1/thumb/v6-m/crtn.o
                0x00002000                STACK_SIZE = DEFINED (STACK_SIZE)?STACK_SIZE:DEFINED (__stack_size__)?__stack_size__:0x2000

.text           0x00000000     0x149c
                0x00000000                . = ALIGN (0x4)
                0x00000000                _sfixed = .
 *(.vectors .vectors.*)
 .vectors       0x00000000       0xa4 src/ASF/sam0/utils/cmsis/samd20/source/gcc/startup_samd20.o
                0x00000000                exception_table
 *(.text .text.* .gnu.linkonce.t.*)
 .text          0x000000a4       0x60 c:/program files (x86)/atmel/studio/7.0/toolchain/arm/arm-gnu-toolchain/bin/../lib/gcc/arm-none-eabi/6.3.1/thumb/v6-m/crtbegin.o
 .text.long_division
                0x00000104       0xba src/ASF/sam0/drivers/sercom/sercom.o
 .text._sercom_get_sync_baud_val
                0x000001be       0x28 src/ASF/sam0/drivers/sercom/sercom.o
                0x000001be                _sercom_get_sync_baud_val
 *fill*         0x000001e6        0x2 
 .text._sercom_get_async_baud_val
                0x000001e8       0x94 src/ASF/sam0/drivers/sercom/sercom.o
                0x000001e8                _sercom_get_async_baud_val
 .text.sercom_set_gclk_generator
                0x0000027c       0x4c src/ASF/sam0/drivers/sercom/sercom.o
                0x0000027c                sercom_set_gclk_generator
 .text._sercom_get_default_pad
                0x000002c8      0x178 src/ASF/sam0/drivers/sercom/sercom.o
                0x000002c8                _sercom_get_default_pad
 .text._sercom_get_sercom_inst_index
                0x00000440       0x38 src/ASF/sam0/drivers/sercom/sercom.o
                0x00000440                _sercom_get_sercom_inst_index
 .text.usart_init
                0x00000478      0x254 src/ASF/sam0/drivers/sercom/usart/usart.o
                0x00000478                usart_init
 .text.usart_write_wait
                0x000006cc       0x2e src/ASF/sam0/drivers/sercom/usart/usart.o
                0x000006cc                usart_write_wait
 .text.usart_read_wait
                0x000006fa       0x5a src/ASF/sam0/drivers/sercom/usart/usart.o
                0x000006fa                usart_read_wait
 .text.usart_write_buffer_wait
                0x00000754       0xc4 src/ASF/sam0/drivers/sercom/usart/usart.o
                0x00000754                usart_write_buffer_wait
 .text._usart_interrupt_handler
                0x00000818      0x124 src/ASF/sam0/drivers/sercom/usart/usart_interrupt.o
                0x00000818                _usart_interrupt_handler
 .text._sercom_default_handler
                0x0000093c        0x2 src/ASF/sam0/drivers/sercom/sercom_interrupt.o
 *fill*         0x0000093e        0x2 
 .text._sercom_set_handler
                0x00000940       0x3c src/ASF/sam0/drivers/sercom/sercom_interrupt.o
                0x00000940                _sercom_set_handler
 .text._sercom_get_interrupt_vector
                0x0000097c       0x30 src/ASF/sam0/drivers/sercom/sercom_interrupt.o
                0x0000097c                _sercom_get_interrupt_vector
 .text.SERCOM0_Handler
                0x000009ac       0x10 src/ASF/sam0/drivers/sercom/sercom_interrupt.o
                0x000009ac                SERCOM0_Handler
 .text.SERCOM1_Handler
                0x000009bc       0x10 src/ASF/sam0/drivers/sercom/sercom_interrupt.o
                0x000009bc                SERCOM1_Handler
 .text.SERCOM2_Handler
                0x000009cc       0x10 src/ASF/sam0/drivers/sercom/sercom_interrupt.o
                0x000009cc                SERCOM2_Handler
 .text.SERCOM3_Handler
                0x000009dc       0x10 src/ASF/sam0/drivers/sercom/sercom_interrupt.o
                0x000009dc                SERCOM3_Handler
 .text.SERCOM4_Handler
                0x000009ec       0x10 src/ASF/sam0/drivers/sercom/sercom_interrupt.o
                0x000009ec                SERCOM4_Handler
 .text.SERCOM5_Handler
                0x000009fc       0x10 src/ASF/sam0/drivers/sercom/sercom_interrupt.o
                0x000009fc                SERCOM5_Handler
 .text.cpu_irq_enter_critical
                0x00000a0c       0x40 src/ASF/common/utils/interrupt/interrupt_sam_nvic.o
                0x00000a0c                cpu_irq_enter_critical
 .text.cpu_irq_leave_critical
                0x00000a4c       0x30 src/ASF/common/utils/interrupt/interrupt_sam_nvic.o
                0x00000a4c                cpu_irq_leave_critical
 .text.system_board_init
                0x00000a7c       0x38 src/ASF/sam0/boards/samd20_xplained_pro/board_init.o
                0x00000a7c                board_init
                0x00000a7c                system_board_init
 .text.port_pin_set_config
                0x00000ab4       0x24 src/ASF/sam0/drivers/port/port.o
                0x00000ab4                port_pin_set_config
 .text.system_clock_source_get_hz
                0x00000ad8       0x7c src/ASF/sam0/drivers/system/clock/clock_samd20/clock.o
                0x00000ad8                system_clock_source_get_hz
 .text.system_clock_source_osc8m_set_config
                0x00000b54       0x3c src/ASF/sam0/drivers/system/clock/clock_samd20/clock.o
                0x00000b54                system_clock_source_osc8m_set_config
 .text.system_clock_source_enable
                0x00000b90       0x90 src/ASF/sam0/drivers/system/clock/clock_samd20/clock.o
                0x00000b90                system_clock_source_enable
 .text.system_clock_init
                0x00000c20       0x98 src/ASF/sam0/drivers/system/clock/clock_samd20/clock.o
                0x00000c20                system_clock_init
 .text.system_gclk_init
                0x00000cb8       0x24 src/ASF/sam0/drivers/system/clock/clock_samd20/gclk.o
                0x00000cb8                system_gclk_init
 .text.system_gclk_gen_set_config
                0x00000cdc       0xb8 src/ASF/sam0/drivers/system/clock/clock_samd20/gclk.o
                0x00000cdc                system_gclk_gen_set_config
 .text.system_gclk_gen_enable
                0x00000d94       0x44 src/ASF/sam0/drivers/system/clock/clock_samd20/gclk.o
                0x00000d94                system_gclk_gen_enable
 .text.system_gclk_gen_get_hz
                0x00000dd8       0x8c src/ASF/sam0/drivers/system/clock/clock_samd20/gclk.o
                0x00000dd8                system_gclk_gen_get_hz
 .text.system_gclk_chan_enable
                0x00000e64       0x30 src/ASF/sam0/drivers/system/clock/clock_samd20/gclk.o
                0x00000e64                system_gclk_chan_enable
 .text.system_gclk_chan_disable
                0x00000e94       0x5c src/ASF/sam0/drivers/system/clock/clock_samd20/gclk.o
                0x00000e94                system_gclk_chan_disable
 .text.system_gclk_chan_set_config
                0x00000ef0       0x1c src/ASF/sam0/drivers/system/clock/clock_samd20/gclk.o
                0x00000ef0                system_gclk_chan_set_config
 .text.system_gclk_chan_get_hz
                0x00000f0c       0x34 src/ASF/sam0/drivers/system/clock/clock_samd20/gclk.o
                0x00000f0c                system_gclk_chan_get_hz
 .text._system_pinmux_config
                0x00000f40       0xa8 src/ASF/sam0/drivers/system/pinmux/pinmux.o
 .text.system_pinmux_pin_set_config
                0x00000fe8       0x30 src/ASF/sam0/drivers/system/pinmux/pinmux.o
                0x00000fe8                system_pinmux_pin_set_config
 .text._system_dummy_init
                0x00001018        0x2 src/ASF/sam0/drivers/system/system.o
                0x00001018                _system_extint_init
                0x00001018                _system_events_init
                0x00001018                _system_dummy_init
                0x00001018                _system_divas_init
 *fill*         0x0000101a        0x2 
 .text.system_init
                0x0000101c       0x2c src/ASF/sam0/drivers/system/system.o
                0x0000101c                system_init
 .text.Dummy_Handler
                0x00001048        0x2 src/ASF/sam0/utils/cmsis/samd20/source/gcc/startup_samd20.o
                0x00001048                HardFault_Handler
                0x00001048                TC2_Handler
                0x00001048                AC_Handler
                0x00001048                SysTick_Handler
                0x00001048                PendSV_Handler
                0x00001048                NMI_Handler
                0x00001048                TC7_Handler
                0x00001048                ADC_Handler
                0x00001048                RTC_Handler
                0x00001048                EIC_Handler
                0x00001048                TC6_Handler
                0x00001048                WDT_Handler
                0x00001048                TC4_Handler
                0x00001048                TC1_Handler
                0x00001048                TC3_Handler
                0x00001048                Dummy_Handler
                0x00001048                PM_Handler
                0x00001048                SVC_Handler
                0x00001048                EVSYS_Handler
                0x00001048                NVMCTRL_Handler
                0x00001048                DAC_Handler
                0x00001048                PTC_Handler
                0x00001048                TC0_Handler
                0x00001048                TC5_Handler
                0x00001048                SYSCTRL_Handler
 *fill*         0x0000104a        0x2 
 .text.Reset_Handler
                0x0000104c       0x98 src/ASF/sam0/utils/cmsis/samd20/source/gcc/startup_samd20.o
                0x0000104c                Reset_Handler
 .text.configure_usart
                0x000010e4       0x9c src/main.o
                0x000010e4                configure_usart
 .text.main     0x00001180       0xd0 src/main.o
                0x00001180                main
 .text          0x00001250      0x114 c:/program files (x86)/atmel/studio/7.0/toolchain/arm/arm-gnu-toolchain/bin/../lib/gcc/arm-none-eabi/6.3.1/thumb/v6-m\libgcc.a(_udivsi3.o)
                0x00001250                __aeabi_uidiv
                0x00001250                __udivsi3
                0x0000135c                __aeabi_uidivmod
 .text          0x00001364        0x4 c:/program files (x86)/atmel/studio/7.0/toolchain/arm/arm-gnu-toolchain/bin/../lib/gcc/arm-none-eabi/6.3.1/thumb/v6-m\libgcc.a(_dvmd_tls.o)
                0x00001364                __aeabi_idiv0
                0x00001364                __aeabi_ldiv0
 .text          0x00001368       0x54 c:/program files (x86)/atmel/studio/7.0/toolchain/arm/arm-gnu-toolchain/bin/../lib/gcc/arm-none-eabi/6.3.1/thumb/v6-m\libgcc.a(_muldi3.o)
                0x00001368                __muldi3
                0x00001368                __aeabi_lmul
 .text.__libc_init_array
                0x000013bc       0x48 c:/program files (x86)/atmel/studio/7.0/toolchain/arm/arm-gnu-toolchain/bin/../lib/gcc/arm-none-eabi/6.3.1/../../../../arm-none-eabi/lib/thumb/v6-m\libc_nano.a(lib_a-init.o)
                0x000013bc                __libc_init_array
 *(.glue_7t)
 .glue_7t       0x00001404        0x0 linker stubs
 *(.glue_7)
 .glue_7        0x00001404        0x0 linker stubs
 *(.rodata .rodata* .gnu.linkonce.r.*)
 .rodata        0x00001404       0x18 src/ASF/sam0/drivers/sercom/sercom.o
 .rodata.system_clock_source_get_hz
                0x0000141c       0x20 src/ASF/sam0/drivers/system/clock/clock_samd20/clock.o
 .rodata.system_clock_source_enable
                0x0000143c       0x20 src/ASF/sam0/drivers/system/clock/clock_samd20/clock.o
 .rodata.main.str1.4
                0x0000145c       0x20 src/main.o
                                 0x1e (size before relaxing)
 *(.ARM.extab* .gnu.linkonce.armextab.*)
                0x0000147c                . = ALIGN (0x4)
 *(.init)
 .init          0x0000147c        0x4 c:/program files (x86)/atmel/studio/7.0/toolchain/arm/arm-gnu-toolchain/bin/../lib/gcc/arm-none-eabi/6.3.1/thumb/v6-m/crti.o
                0x0000147c                _init
 .init          0x00001480        0x8 c:/program files (x86)/atmel/studio/7.0/toolchain/arm/arm-gnu-toolchain/bin/../lib/gcc/arm-none-eabi/6.3.1/thumb/v6-m/crtn.o
                0x00001488                . = ALIGN (0x4)
                0x00001488                __preinit_array_start = .
 *(.preinit_array)
                0x00001488                __preinit_array_end = .
                0x00001488                . = ALIGN (0x4)
                0x00001488                __init_array_start = .
 *(SORT(.init_array.*))
 *(.init_array)
 .init_array    0x00001488        0x4 c:/program files (x86)/atmel/studio/7.0/toolchain/arm/arm-gnu-toolchain/bin/../lib/gcc/arm-none-eabi/6.3.1/thumb/v6-m/crtbegin.o
                0x0000148c                __init_array_end = .
                0x0000148c                . = ALIGN (0x4)
 *crtbegin.o(.ctors)
 *(EXCLUDE_FILE(*crtend.o) .ctors)
 *(SORT(.ctors.*))
 *crtend.o(.ctors)
                0x0000148c                . = ALIGN (0x4)
 *(.fini)
 .fini          0x0000148c        0x4 c:/program files (x86)/atmel/studio/7.0/toolchain/arm/arm-gnu-toolchain/bin/../lib/gcc/arm-none-eabi/6.3.1/thumb/v6-m/crti.o
                0x0000148c                _fini
 .fini          0x00001490        0x8 c:/program files (x86)/atmel/studio/7.0/toolchain/arm/arm-gnu-toolchain/bin/../lib/gcc/arm-none-eabi/6.3.1/thumb/v6-m/crtn.o
                0x00001498                . = ALIGN (0x4)
                0x00001498                __fini_array_start = .
 *(.fini_array)
 .fini_array    0x00001498        0x4 c:/program files (x86)/atmel/studio/7.0/toolchain/arm/arm-gnu-toolchain/bin/../lib/gcc/arm-none-eabi/6.3.1/thumb/v6-m/crtbegin.o
 *(SORT(.fini_array.*))
                0x0000149c                __fini_array_end = .
 *crtbegin.o(.dtors)
 *(EXCLUDE_FILE(*crtend.o) .dtors)
 *(SORT(.dtors.*))
 *crtend.o(.dtors)
                0x0000149c                . = ALIGN (0x4)
                0x0000149c                _efixed = .
                [!provide]                PROVIDE (__exidx_start, .)

.vfp11_veneer   0x0000149c        0x0
 .vfp11_veneer  0x0000149c        0x0 linker stubs

.v4_bx          0x0000149c        0x0
 .v4_bx         0x0000149c        0x0 linker stubs

.iplt           0x0000149c        0x0
 .iplt          0x0000149c        0x0 c:/program files (x86)/atmel/studio/7.0/toolchain/arm/arm-gnu-toolchain/bin/../lib/gcc/arm-none-eabi/6.3.1/thumb/v6-m/crtbegin.o

.eh_frame       0x0000149c        0x0
 .eh_frame      0x0000149c        0x0 c:/program files (x86)/atmel/studio/7.0/toolchain/arm/arm-gnu-toolchain/bin/../lib/gcc/arm-none-eabi/6.3.1/thumb/v6-m/crtbegin.o

.rel.dyn        0x0000149c        0x0
 .rel.iplt      0x0000149c        0x0 c:/program files (x86)/atmel/studio/7.0/toolchain/arm/arm-gnu-toolchain/bin/../lib/gcc/arm-none-eabi/6.3.1/thumb/v6-m/crtbegin.o

.jcr            0x0000149c        0x0
 .jcr           0x0000149c        0x0 c:/program files (x86)/atmel/studio/7.0/toolchain/arm/arm-gnu-toolchain/bin/../lib/gcc/arm-none-eabi/6.3.1/thumb/v6-m/crtbegin.o

.igot.plt       0x0000149c        0x0
 .igot.plt      0x0000149c        0x0 c:/program files (x86)/atmel/studio/7.0/toolchain/arm/arm-gnu-toolchain/bin/../lib/gcc/arm-none-eabi/6.3.1/thumb/v6-m/crtbegin.o

.ARM.exidx
 *(.ARM.exidx* .gnu.linkonce.armexidx.*)
                [!provide]                PROVIDE (__exidx_end, .)
                0x0000149c                . = ALIGN (0x4)
                0x0000149c                _etext = .

.relocate       0x20000000        0x4 load address 0x0000149c
                0x20000000                . = ALIGN (0x4)
                0x20000000                _srelocate = .
 *(.ramfunc .ramfunc.*)
 *(.data .data.*)
 .data.g_interrupt_enabled
                0x20000000        0x1 src/ASF/common/utils/interrupt/interrupt_sam_nvic.o
                0x20000000                g_interrupt_enabled
                0x20000004                . = ALIGN (0x4)
 *fill*         0x20000001        0x3 
                0x20000004                _erelocate = .

.bss            0x20000004       0x90 load address 0x000014a0
                0x20000004                . = ALIGN (0x4)
                0x20000004                _sbss = .
                0x20000004                _szero = .
 *(.bss .bss.*)
 .bss           0x20000004       0x1c c:/program files (x86)/atmel/studio/7.0/toolchain/arm/arm-gnu-toolchain/bin/../lib/gcc/arm-none-eabi/6.3.1/thumb/v6-m/crtbegin.o
 .bss._sercom_config
                0x20000020        0x2 src/ASF/sam0/drivers/sercom/sercom.o
 .bss._handler_table_initialized
                0x20000022        0x1 src/ASF/sam0/drivers/sercom/sercom_interrupt.o
 *fill*         0x20000023        0x1 
 .bss._sercom_interrupt_handlers
                0x20000024       0x18 src/ASF/sam0/drivers/sercom/sercom_interrupt.o
 .bss.cpu_irq_critical_section_counter
                0x2000003c        0x4 src/ASF/common/utils/interrupt/interrupt_sam_nvic.o
 .bss.cpu_irq_prev_interrupt_state
                0x20000040        0x1 src/ASF/common/utils/interrupt/interrupt_sam_nvic.o
 *fill*         0x20000041        0x3 
 .bss._system_clock_inst
                0x20000044       0x14 src/ASF/sam0/drivers/system/clock/clock_samd20/clock.o
 *(COMMON)
 COMMON         0x20000058       0x18 src/ASF/sam0/drivers/sercom/sercom_interrupt.o
                0x20000058                _sercom_instances
 COMMON         0x20000070       0x24 src/main.o
                0x20000070                usart_instance
                0x20000094                . = ALIGN (0x4)
                0x20000094                _ebss = .
                0x20000094                _ezero = .

.stack          0x20000094     0x2004 load address 0x00001530
                0x20000098                . = ALIGN (0x8)
 *fill*         0x20000094        0x4 
                0x20000098                _sstack = .
                0x20002098                . = (. + STACK_SIZE)
 *fill*         0x20000098     0x2000 
                0x20002098                . = ALIGN (0x8)
                0x20002098                _estack = .
                0x20002098                . = ALIGN (0x4)
                0x20002098                _end = .
OUTPUT(UART_Config_Example.elf elf32-littlearm)

.ARM.attributes
                0x00000000       0x28
 .ARM.attributes
                0x00000000       0x1e c:/program files (x86)/atmel/studio/7.0/toolchain/arm/arm-gnu-toolchain/bin/../lib/gcc/arm-none-eabi/6.3.1/thumb/v6-m/crti.o
 .ARM.attributes
                0x0000001e       0x2c c:/program files (x86)/atmel/studio/7.0/toolchain/arm/arm-gnu-toolchain/bin/../lib/gcc/arm-none-eabi/6.3.1/thumb/v6-m/crtbegin.o
 .ARM.attributes
                0x0000004a       0x32 src/ASF/sam0/drivers/sercom/sercom.o
 .ARM.attributes
                0x0000007c       0x32 src/ASF/sam0/drivers/sercom/usart/usart.o
 .ARM.attributes
                0x000000ae       0x32 src/ASF/sam0/drivers/sercom/usart/usart_interrupt.o
 .ARM.attributes
                0x000000e0       0x32 src/ASF/sam0/drivers/sercom/sercom_interrupt.o
 .ARM.attributes
                0x00000112       0x32 src/ASF/common/utils/interrupt/interrupt_sam_nvic.o
 .ARM.attributes
                0x00000144       0x32 src/ASF/sam0/boards/samd20_xplained_pro/board_init.o
 .ARM.attributes
                0x00000176       0x32 src/ASF/sam0/drivers/port/port.o
 .ARM.attributes
                0x000001a8       0x32 src/ASF/sam0/drivers/system/clock/clock_samd20/clock.o
 .ARM.attributes
                0x000001da       0x32 src/ASF/sam0/drivers/system/clock/clock_samd20/gclk.o
 .ARM.attributes
                0x0000020c       0x32 src/ASF/sam0/drivers/system/pinmux/pinmux.o
 .ARM.attributes
                0x0000023e       0x32 src/ASF/sam0/drivers/system/system.o
 .ARM.attributes
                0x00000270       0x32 src/ASF/sam0/utils/cmsis/samd20/source/gcc/startup_samd20.o
 .ARM.attributes
                0x000002a2       0x32 src/main.o
 .ARM.attributes
                0x000002d4       0x1e c:/program files (x86)/atmel/studio/7.0/toolchain/arm/arm-gnu-toolchain/bin/../lib/gcc/arm-none-eabi/6.3.1/thumb/v6-m\libgcc.a(_udivsi3.o)
 .ARM.attributes
                0x000002f2       0x1e c:/program files (x86)/atmel/studio/7.0/toolchain/arm/arm-gnu-toolchain/bin/../lib/gcc/arm-none-eabi/6.3.1/thumb/v6-m\libgcc.a(_dvmd_tls.o)
 .ARM.attributes
                0x00000310       0x2c c:/program files (x86)/atmel/studio/7.0/toolchain/arm/arm-gnu-toolchain/bin/../lib/gcc/arm-none-eabi/6.3.1/thumb/v6-m\libgcc.a(_muldi3.o)
 .ARM.attributes
                0x0000033c       0x2c c:/program files (x86)/atmel/studio/7.0/toolchain/arm/arm-gnu-toolchain/bin/../lib/gcc/arm-none-eabi/6.3.1/../../../../arm-none-eabi/lib/thumb/v6-m\libc_nano.a(lib_a-init.o)
 .ARM.attributes
                0x00000368       0x1e c:/program files (x86)/atmel/studio/7.0/toolchain/arm/arm-gnu-toolchain/bin/../lib/gcc/arm-none-eabi/6.3.1/thumb/v6-m/crtn.o

.comment        0x00000000       0x59
 .comment       0x00000000       0x59 src/ASF/sam0/drivers/sercom/sercom.o
                                 0x5a (size before relaxing)
 .comment       0x00000059       0x5a src/ASF/sam0/drivers/sercom/usart/usart.o
 .comment       0x00000059       0x5a src/ASF/sam0/drivers/sercom/usart/usart_interrupt.o
 .comment       0x00000059       0x5a src/ASF/sam0/drivers/sercom/sercom_interrupt.o
 .comment       0x00000059       0x5a src/ASF/common/utils/interrupt/interrupt_sam_nvic.o
 .comment       0x00000059       0x5a src/ASF/sam0/boards/samd20_xplained_pro/board_init.o
 .comment       0x00000059       0x5a src/ASF/sam0/drivers/port/port.o
 .comment       0x00000059       0x5a src/ASF/sam0/drivers/system/clock/clock_samd20/clock.o
 .comment       0x00000059       0x5a src/ASF/sam0/drivers/system/clock/clock_samd20/gclk.o
 .comment       0x00000059       0x5a src/ASF/sam0/drivers/system/pinmux/pinmux.o
 .comment       0x00000059       0x5a src/ASF/sam0/drivers/system/system.o
 .comment       0x00000059       0x5a src/ASF/sam0/utils/cmsis/samd20/source/gcc/startup_samd20.o
 .comment       0x00000059       0x5a src/main.o

.debug_info     0x00000000    0x19c23
 .debug_info    0x00000000     0x2660 src/ASF/sam0/drivers/sercom/sercom.o
 .debug_info    0x00002660     0x42cf src/ASF/sam0/drivers/sercom/usart/usart.o
 .debug_info    0x0000692f     0x2881 src/ASF/sam0/drivers/sercom/usart/usart_interrupt.o
 .debug_info    0x000091b0     0x2456 src/ASF/sam0/drivers/sercom/sercom_interrupt.o
 .debug_info    0x0000b606      0xb07 src/ASF/common/utils/interrupt/interrupt_sam_nvic.o
 .debug_info    0x0000c10d     0x12ac src/ASF/sam0/boards/samd20_xplained_pro/board_init.o
 .debug_info    0x0000d3b9     0x12b6 src/ASF/sam0/drivers/port/port.o
 .debug_info    0x0000e66f     0x3d15 src/ASF/sam0/drivers/system/clock/clock_samd20/clock.o
 .debug_info    0x00012384     0x1de7 src/ASF/sam0/drivers/system/clock/clock_samd20/gclk.o
 .debug_info    0x0001416b     0x1374 src/ASF/sam0/drivers/system/pinmux/pinmux.o
 .debug_info    0x000154df      0xa73 src/ASF/sam0/drivers/system/system.o
 .debug_info    0x00015f52      0x9c9 src/ASF/sam0/utils/cmsis/samd20/source/gcc/startup_samd20.o
 .debug_info    0x0001691b     0x3308 src/main.o

.debug_abbrev   0x00000000     0x2a06
 .debug_abbrev  0x00000000      0x378 src/ASF/sam0/drivers/sercom/sercom.o
 .debug_abbrev  0x00000378      0x491 src/ASF/sam0/drivers/sercom/usart/usart.o
 .debug_abbrev  0x00000809      0x416 src/ASF/sam0/drivers/sercom/usart/usart_interrupt.o
 .debug_abbrev  0x00000c1f      0x2d8 src/ASF/sam0/drivers/sercom/sercom_interrupt.o
 .debug_abbrev  0x00000ef7      0x22c src/ASF/common/utils/interrupt/interrupt_sam_nvic.o
 .debug_abbrev  0x00001123      0x2dc src/ASF/sam0/boards/samd20_xplained_pro/board_init.o
 .debug_abbrev  0x000013ff      0x298 src/ASF/sam0/drivers/port/port.o
 .debug_abbrev  0x00001697      0x4a1 src/ASF/sam0/drivers/system/clock/clock_samd20/clock.o
 .debug_abbrev  0x00001b38      0x40d src/ASF/sam0/drivers/system/clock/clock_samd20/gclk.o
 .debug_abbrev  0x00001f45      0x332 src/ASF/sam0/drivers/system/pinmux/pinmux.o
 .debug_abbrev  0x00002277      0x1e1 src/ASF/sam0/drivers/system/system.o
 .debug_abbrev  0x00002458      0x1e4 src/ASF/sam0/utils/cmsis/samd20/source/gcc/startup_samd20.o
 .debug_abbrev  0x0000263c      0x3ca src/main.o

.debug_loc      0x00000000     0x3879
 .debug_loc     0x00000000      0x9d5 src/ASF/sam0/drivers/sercom/sercom.o
 .debug_loc     0x000009d5      0xc56 src/ASF/sam0/drivers/sercom/usart/usart.o
 .debug_loc     0x0000162b      0x6b6 src/ASF/sam0/drivers/sercom/usart/usart_interrupt.o
 .debug_loc     0x00001ce1      0x161 src/ASF/sam0/drivers/sercom/sercom_interrupt.o
 .debug_loc     0x00001e42       0x8a src/ASF/sam0/boards/samd20_xplained_pro/board_init.o
 .debug_loc     0x00001ecc      0x13d src/ASF/sam0/drivers/port/port.o
 .debug_loc     0x00002009      0xe1c src/ASF/sam0/drivers/system/clock/clock_samd20/clock.o
 .debug_loc     0x00002e25      0x504 src/ASF/sam0/drivers/system/clock/clock_samd20/gclk.o
 .debug_loc     0x00003329      0x322 src/ASF/sam0/drivers/system/pinmux/pinmux.o
 .debug_loc     0x0000364b       0x20 src/ASF/sam0/drivers/system/system.o
 .debug_loc     0x0000366b       0x40 src/ASF/sam0/utils/cmsis/samd20/source/gcc/startup_samd20.o
 .debug_loc     0x000036ab      0x1ce src/main.o

.debug_aranges  0x00000000      0x368
 .debug_aranges
                0x00000000       0x48 src/ASF/sam0/drivers/sercom/sercom.o
 .debug_aranges
                0x00000048       0x40 src/ASF/sam0/drivers/sercom/usart/usart.o
 .debug_aranges
                0x00000088       0x70 src/ASF/sam0/drivers/sercom/usart/usart_interrupt.o
 .debug_aranges
                0x000000f8       0x60 src/ASF/sam0/drivers/sercom/sercom_interrupt.o
 .debug_aranges
                0x00000158       0x28 src/ASF/common/utils/interrupt/interrupt_sam_nvic.o
 .debug_aranges
                0x00000180       0x20 src/ASF/sam0/boards/samd20_xplained_pro/board_init.o
 .debug_aranges
                0x000001a0       0x28 src/ASF/sam0/drivers/port/port.o
 .debug_aranges
                0x000001c8       0x70 src/ASF/sam0/drivers/system/clock/clock_samd20/clock.o
 .debug_aranges
                0x00000238       0x80 src/ASF/sam0/drivers/system/clock/clock_samd20/gclk.o
 .debug_aranges
                0x000002b8       0x38 src/ASF/sam0/drivers/system/pinmux/pinmux.o
 .debug_aranges
                0x000002f0       0x28 src/ASF/sam0/drivers/system/system.o
 .debug_aranges
                0x00000318       0x28 src/ASF/sam0/utils/cmsis/samd20/source/gcc/startup_samd20.o
 .debug_aranges
                0x00000340       0x28 src/main.o

.debug_ranges   0x00000000      0x398
 .debug_ranges  0x00000000       0x50 src/ASF/sam0/drivers/sercom/sercom.o
 .debug_ranges  0x00000050      0x100 src/ASF/sam0/drivers/sercom/usart/usart.o
 .debug_ranges  0x00000150       0x60 src/ASF/sam0/drivers/sercom/usart/usart_interrupt.o
 .debug_ranges  0x000001b0       0x50 src/ASF/sam0/drivers/sercom/sercom_interrupt.o
 .debug_ranges  0x00000200       0x18 src/ASF/common/utils/interrupt/interrupt_sam_nvic.o
 .debug_ranges  0x00000218       0x10 src/ASF/sam0/boards/samd20_xplained_pro/board_init.o
 .debug_ranges  0x00000228       0x18 src/ASF/sam0/drivers/port/port.o
 .debug_ranges  0x00000240       0x60 src/ASF/sam0/drivers/system/clock/clock_samd20/clock.o
 .debug_ranges  0x000002a0       0x88 src/ASF/sam0/drivers/system/clock/clock_samd20/gclk.o
 .debug_ranges  0x00000328       0x28 src/ASF/sam0/drivers/system/pinmux/pinmux.o
 .debug_ranges  0x00000350       0x18 src/ASF/sam0/drivers/system/system.o
 .debug_ranges  0x00000368       0x18 src/ASF/sam0/utils/cmsis/samd20/source/gcc/startup_samd20.o
 .debug_ranges  0x00000380       0x18 src/main.o

.debug_macro    0x00000000    0x126dd
 .debug_macro   0x00000000      0x532 src/ASF/sam0/drivers/sercom/sercom.o
 .debug_macro   0x00000532      0x8b6 src/ASF/sam0/drivers/sercom/sercom.o
 .debug_macro   0x00000de8      0x16d src/ASF/sam0/drivers/sercom/sercom.o
 .debug_macro   0x00000f55      0x6d7 src/ASF/sam0/drivers/sercom/sercom.o
 .debug_macro   0x0000162c       0x22 src/ASF/sam0/drivers/sercom/sercom.o
 .debug_macro   0x0000164e       0x87 src/ASF/sam0/drivers/sercom/sercom.o
 .debug_macro   0x000016d5       0x51 src/ASF/sam0/drivers/sercom/sercom.o
 .debug_macro   0x00001726       0xef src/ASF/sam0/drivers/sercom/sercom.o
 .debug_macro   0x00001815       0x6a src/ASF/sam0/drivers/sercom/sercom.o
 .debug_macro   0x0000187f      0x1df src/ASF/sam0/drivers/sercom/sercom.o
 .debug_macro   0x00001a5e       0x10 src/ASF/sam0/drivers/sercom/sercom.o
 .debug_macro   0x00001a6e       0x76 src/ASF/sam0/drivers/sercom/sercom.o
 .debug_macro   0x00001ae4       0x16 src/ASF/sam0/drivers/sercom/sercom.o
 .debug_macro   0x00001afa      0x6db src/ASF/sam0/drivers/sercom/sercom.o
 .debug_macro   0x000021d5      0xdd8 src/ASF/sam0/drivers/sercom/sercom.o
 .debug_macro   0x00002fad       0x22 src/ASF/sam0/drivers/sercom/sercom.o
 .debug_macro   0x00002fcf       0x40 src/ASF/sam0/drivers/sercom/sercom.o
 .debug_macro   0x0000300f       0x3a src/ASF/sam0/drivers/sercom/sercom.o
 .debug_macro   0x00003049       0x1f src/ASF/sam0/drivers/sercom/sercom.o
 .debug_macro   0x00003068      0x250 src/ASF/sam0/drivers/sercom/sercom.o
 .debug_macro   0x000032b8      0x682 src/ASF/sam0/drivers/sercom/sercom.o
 .debug_macro   0x0000393a      0x8b8 src/ASF/sam0/drivers/sercom/sercom.o
 .debug_macro   0x000041f2      0x224 src/ASF/sam0/drivers/sercom/sercom.o
 .debug_macro   0x00004416      0x61a src/ASF/sam0/drivers/sercom/sercom.o
 .debug_macro   0x00004a30      0x9f8 src/ASF/sam0/drivers/sercom/sercom.o
 .debug_macro   0x00005428      0x5ca src/ASF/sam0/drivers/sercom/sercom.o
 .debug_macro   0x000059f2      0x4ac src/ASF/sam0/drivers/sercom/sercom.o
 .debug_macro   0x00005e9e      0x743 src/ASF/sam0/drivers/sercom/sercom.o
 .debug_macro   0x000065e1       0x5e src/ASF/sam0/drivers/sercom/sercom.o
 .debug_macro   0x0000663f      0x5e0 src/ASF/sam0/drivers/sercom/sercom.o
 .debug_macro   0x00006c1f      0x3b6 src/ASF/sam0/drivers/sercom/sercom.o
 .debug_macro   0x00006fd5      0xc7d src/ASF/sam0/drivers/sercom/sercom.o
 .debug_macro   0x00007c52      0xd29 src/ASF/sam0/drivers/sercom/sercom.o
 .debug_macro   0x0000897b      0x7b3 src/ASF/sam0/drivers/sercom/sercom.o
 .debug_macro   0x0000912e      0x6ba src/ASF/sam0/drivers/sercom/sercom.o
 .debug_macro   0x000097e8      0x347 src/ASF/sam0/drivers/sercom/sercom.o
 .debug_macro   0x00009b2f       0x7c src/ASF/sam0/drivers/sercom/sercom.o
 .debug_macro   0x00009bab       0x9a src/ASF/sam0/drivers/sercom/sercom.o
 .debug_macro   0x00009c45       0x46 src/ASF/sam0/drivers/sercom/sercom.o
 .debug_macro   0x00009c8b       0xb2 src/ASF/sam0/drivers/sercom/sercom.o
 .debug_macro   0x00009d3d       0x6a src/ASF/sam0/drivers/sercom/sercom.o
 .debug_macro   0x00009da7      0x27d src/ASF/sam0/drivers/sercom/sercom.o
 .debug_macro   0x0000a024       0x7c src/ASF/sam0/drivers/sercom/sercom.o
 .debug_macro   0x0000a0a0       0xc4 src/ASF/sam0/drivers/sercom/sercom.o
 .debug_macro   0x0000a164       0x1c src/ASF/sam0/drivers/sercom/sercom.o
 .debug_macro   0x0000a180       0x1c src/ASF/sam0/drivers/sercom/sercom.o
 .debug_macro   0x0000a19c       0x1c src/ASF/sam0/drivers/sercom/sercom.o
 .debug_macro   0x0000a1b8       0x82 src/ASF/sam0/drivers/sercom/sercom.o
 .debug_macro   0x0000a23a      0x15a src/ASF/sam0/drivers/sercom/sercom.o
 .debug_macro   0x0000a394       0xdc src/ASF/sam0/drivers/sercom/sercom.o
 .debug_macro   0x0000a470      0x100 src/ASF/sam0/drivers/sercom/sercom.o
 .debug_macro   0x0000a570      0x100 src/ASF/sam0/drivers/sercom/sercom.o
 .debug_macro   0x0000a670      0x100 src/ASF/sam0/drivers/sercom/sercom.o
 .debug_macro   0x0000a770      0x100 src/ASF/sam0/drivers/sercom/sercom.o
 .debug_macro   0x0000a870      0x100 src/ASF/sam0/drivers/sercom/sercom.o
 .debug_macro   0x0000a970      0x100 src/ASF/sam0/drivers/sercom/sercom.o
 .debug_macro   0x0000aa70       0xfa src/ASF/sam0/drivers/sercom/sercom.o
 .debug_macro   0x0000ab6a       0xbe src/ASF/sam0/drivers/sercom/sercom.o
 .debug_macro   0x0000ac28       0xbe src/ASF/sam0/drivers/sercom/sercom.o
 .debug_macro   0x0000ace6       0xbe src/ASF/sam0/drivers/sercom/sercom.o
 .debug_macro   0x0000ada4       0xbe src/ASF/sam0/drivers/sercom/sercom.o
 .debug_macro   0x0000ae62       0xbe src/ASF/sam0/drivers/sercom/sercom.o
 .debug_macro   0x0000af20       0xbe src/ASF/sam0/drivers/sercom/sercom.o
 .debug_macro   0x0000afde       0xbe src/ASF/sam0/drivers/sercom/sercom.o
 .debug_macro   0x0000b09c       0xbe src/ASF/sam0/drivers/sercom/sercom.o
 .debug_macro   0x0000b15a       0x40 src/ASF/sam0/drivers/sercom/sercom.o
 .debug_macro   0x0000b19a      0x2e3 src/ASF/sam0/drivers/sercom/sercom.o
 .debug_macro   0x0000b47d     0x19ba src/ASF/sam0/drivers/sercom/sercom.o
 .debug_macro   0x0000ce37       0x4a src/ASF/sam0/drivers/sercom/sercom.o
 .debug_macro   0x0000ce81       0x58 src/ASF/sam0/drivers/sercom/sercom.o
 .debug_macro   0x0000ced9       0x35 src/ASF/sam0/drivers/sercom/sercom.o
 .debug_macro   0x0000cf0e       0x9c src/ASF/sam0/drivers/sercom/sercom.o
 .debug_macro   0x0000cfaa       0x16 src/ASF/sam0/drivers/sercom/sercom.o
 .debug_macro   0x0000cfc0       0x35 src/ASF/sam0/drivers/sercom/sercom.o
 .debug_macro   0x0000cff5      0x353 src/ASF/sam0/drivers/sercom/sercom.o
 .debug_macro   0x0000d348       0x10 src/ASF/sam0/drivers/sercom/sercom.o
 .debug_macro   0x0000d358       0x58 src/ASF/sam0/drivers/sercom/sercom.o
 .debug_macro   0x0000d3b0       0x1f src/ASF/sam0/drivers/sercom/sercom.o
 .debug_macro   0x0000d3cf       0x43 src/ASF/sam0/drivers/sercom/sercom.o
 .debug_macro   0x0000d412       0x20 src/ASF/sam0/drivers/sercom/sercom.o
 .debug_macro   0x0000d432      0x187 src/ASF/sam0/drivers/sercom/sercom.o
 .debug_macro   0x0000d5b9       0x10 src/ASF/sam0/drivers/sercom/sercom.o
 .debug_macro   0x0000d5c9       0x1c src/ASF/sam0/drivers/sercom/sercom.o
 .debug_macro   0x0000d5e5       0x52 src/ASF/sam0/drivers/sercom/sercom.o
 .debug_macro   0x0000d637       0x40 src/ASF/sam0/drivers/sercom/sercom.o
 .debug_macro   0x0000d677       0x10 src/ASF/sam0/drivers/sercom/sercom.o
 .debug_macro   0x0000d687       0x40 src/ASF/sam0/drivers/sercom/sercom.o
 .debug_macro   0x0000d6c7       0xd7 src/ASF/sam0/drivers/sercom/sercom.o
 .debug_macro   0x0000d79e       0x16 src/ASF/sam0/drivers/sercom/sercom.o
 .debug_macro   0x0000d7b4      0x18b src/ASF/sam0/drivers/sercom/sercom.o
 .debug_macro   0x0000d93f       0x16 src/ASF/sam0/drivers/sercom/sercom.o
 .debug_macro   0x0000d955       0x16 src/ASF/sam0/drivers/sercom/sercom.o
 .debug_macro   0x0000d96b       0x29 src/ASF/sam0/drivers/sercom/sercom.o
 .debug_macro   0x0000d994       0x51 src/ASF/sam0/drivers/sercom/sercom.o
 .debug_macro   0x0000d9e5       0x3e src/ASF/sam0/drivers/sercom/sercom.o
 .debug_macro   0x0000da23      0x3df src/ASF/sam0/drivers/sercom/sercom.o
 .debug_macro   0x0000de02       0x11 src/ASF/sam0/drivers/sercom/sercom.o
 .debug_macro   0x0000de13       0x16 src/ASF/sam0/drivers/sercom/sercom.o
 .debug_macro   0x0000de29       0x2e src/ASF/sam0/drivers/sercom/sercom.o
 .debug_macro   0x0000de57       0xb2 src/ASF/sam0/drivers/sercom/sercom.o
 .debug_macro   0x0000df09       0x10 src/ASF/sam0/drivers/sercom/sercom.o
 .debug_macro   0x0000df19      0x543 src/ASF/sam0/drivers/sercom/usart/usart.o
 .debug_macro   0x0000e45c       0x19 src/ASF/sam0/drivers/sercom/usart/usart.o
 .debug_macro   0x0000e475      0x543 src/ASF/sam0/drivers/sercom/usart/usart_interrupt.o
 .debug_macro   0x0000e9b8      0x52f src/ASF/sam0/drivers/sercom/sercom_interrupt.o
 .debug_macro   0x0000eee7      0x4a4 src/ASF/common/utils/interrupt/interrupt_sam_nvic.o
 .debug_macro   0x0000f38b      0x4e0 src/ASF/sam0/boards/samd20_xplained_pro/board_init.o
 .debug_macro   0x0000f86b      0x2c3 src/ASF/sam0/boards/samd20_xplained_pro/board_init.o
 .debug_macro   0x0000fb2e      0x804 src/ASF/sam0/boards/samd20_xplained_pro/board_init.o
 .debug_macro   0x00010332       0x12 src/ASF/sam0/boards/samd20_xplained_pro/board_init.o
 .debug_macro   0x00010344      0x4be src/ASF/sam0/drivers/port/port.o
 .debug_macro   0x00010802      0x5b9 src/ASF/sam0/drivers/system/clock/clock_samd20/clock.o
 .debug_macro   0x00010dbb      0x213 src/ASF/sam0/drivers/system/clock/clock_samd20/clock.o
 .debug_macro   0x00010fce      0x4db src/ASF/sam0/drivers/system/clock/clock_samd20/gclk.o
 .debug_macro   0x000114a9      0x4b6 src/ASF/sam0/drivers/system/pinmux/pinmux.o
 .debug_macro   0x0001195f      0x4e8 src/ASF/sam0/drivers/system/system.o
 .debug_macro   0x00011e47      0x28b src/ASF/sam0/utils/cmsis/samd20/source/gcc/startup_samd20.o
 .debug_macro   0x000120d2       0x3a src/ASF/sam0/utils/cmsis/samd20/source/gcc/startup_samd20.o
 .debug_macro   0x0001210c      0x59c src/main.o
 .debug_macro   0x000126a8       0x1f src/main.o
 .debug_macro   0x000126c7       0x16 src/main.o

.debug_line     0x00000000     0x84ea
 .debug_line    0x00000000      0xb5e src/ASF/sam0/drivers/sercom/sercom.o
 .debug_line    0x00000b5e      0xc7e src/ASF/sam0/drivers/sercom/usart/usart.o
 .debug_line    0x000017dc      0xc35 src/ASF/sam0/drivers/sercom/usart/usart_interrupt.o
 .debug_line    0x00002411      0xb02 src/ASF/sam0/drivers/sercom/sercom_interrupt.o
 .debug_line    0x00002f13      0x863 src/ASF/common/utils/interrupt/interrupt_sam_nvic.o
 .debug_line    0x00003776      0x90b src/ASF/sam0/boards/samd20_xplained_pro/board_init.o
 .debug_line    0x00004081      0x890 src/ASF/sam0/drivers/port/port.o
 .debug_line    0x00004911      0xba5 src/ASF/sam0/drivers/system/clock/clock_samd20/clock.o
 .debug_line    0x000054b6      0xc01 src/ASF/sam0/drivers/system/clock/clock_samd20/gclk.o
 .debug_line    0x000060b7      0x8c0 src/ASF/sam0/drivers/system/pinmux/pinmux.o
 .debug_line    0x00006977      0x97c src/ASF/sam0/drivers/system/system.o
 .debug_line    0x000072f3      0x5dc src/ASF/sam0/utils/cmsis/samd20/source/gcc/startup_samd20.o
 .debug_line    0x000078cf      0xc1b src/main.o

.debug_str      0x00000000    0x60fa4
 .debug_str     0x00000000    0x59a94 src/ASF/sam0/drivers/sercom/sercom.o
                              0x5a004 (size before relaxing)
 .debug_str     0x00059a94      0xd4a src/ASF/sam0/drivers/sercom/usart/usart.o
                              0x5aa04 (size before relaxing)
 .debug_str     0x0005a7de      0x216 src/ASF/sam0/drivers/sercom/usart/usart_interrupt.o
                              0x59ea2 (size before relaxing)
 .debug_str     0x0005a9f4      0x4d5 src/ASF/sam0/drivers/sercom/sercom_interrupt.o
                              0x59e3d (size before relaxing)
 .debug_str     0x0005aec9       0x66 src/ASF/common/utils/interrupt/interrupt_sam_nvic.o
                              0x58adb (size before relaxing)
 .debug_str     0x0005af2f     0x3167 src/ASF/sam0/boards/samd20_xplained_pro/board_init.o
                              0x5bc61 (size before relaxing)
 .debug_str     0x0005e096       0x5e src/ASF/sam0/drivers/port/port.o
                              0x58ee1 (size before relaxing)
 .debug_str     0x0005e0f4     0x26d0 src/ASF/sam0/drivers/system/clock/clock_samd20/clock.o
                              0x5bd17 (size before relaxing)
 .debug_str     0x000607c4      0x1ef src/ASF/sam0/drivers/system/clock/clock_samd20/gclk.o
                              0x5970e (size before relaxing)
 .debug_str     0x000609b3       0xf4 src/ASF/sam0/drivers/system/pinmux/pinmux.o
                              0x58ed2 (size before relaxing)
 .debug_str     0x00060aa7       0x47 src/ASF/sam0/drivers/system/system.o
                              0x58b77 (size before relaxing)
 .debug_str     0x00060aee      0x391 src/ASF/sam0/utils/cmsis/samd20/source/gcc/startup_samd20.o
                              0x43324 (size before relaxing)
 .debug_str     0x00060e7f      0x125 src/main.o
                              0x5d74e (size before relaxing)

.debug_frame    0x00000000      0x830
 .debug_frame   0x00000000       0xbc src/ASF/sam0/drivers/sercom/sercom.o
 .debug_frame   0x000000bc       0xac src/ASF/sam0/drivers/sercom/usart/usart.o
 .debug_frame   0x00000168      0x110 src/ASF/sam0/drivers/sercom/usart/usart_interrupt.o
 .debug_frame   0x00000278       0xe8 src/ASF/sam0/drivers/sercom/sercom_interrupt.o
 .debug_frame   0x00000360       0x30 src/ASF/common/utils/interrupt/interrupt_sam_nvic.o
 .debug_frame   0x00000390       0x30 src/ASF/sam0/boards/samd20_xplained_pro/board_init.o
 .debug_frame   0x000003c0       0x44 src/ASF/sam0/drivers/port/port.o
 .debug_frame   0x00000404      0x12c src/ASF/sam0/drivers/system/clock/clock_samd20/clock.o
 .debug_frame   0x00000530      0x148 src/ASF/sam0/drivers/system/clock/clock_samd20/gclk.o
 .debug_frame   0x00000678       0x74 src/ASF/sam0/drivers/system/pinmux/pinmux.o
 .debug_frame   0x000006ec       0x38 src/ASF/sam0/drivers/system/system.o
 .debug_frame   0x00000724       0x38 src/ASF/sam0/utils/cmsis/samd20/source/gcc/startup_samd20.o
 .debug_frame   0x0000075c       0x54 src/main.o
 .debug_frame   0x000007b0       0x20 c:/program files (x86)/atmel/studio/7.0/toolchain/arm/arm-gnu-toolchain/bin/../lib/gcc/arm-none-eabi/6.3.1/thumb/v6-m\libgcc.a(_udivsi3.o)
 .debug_frame   0x000007d0       0x34 c:/program files (x86)/atmel/studio/7.0/toolchain/arm/arm-gnu-toolchain/bin/../lib/gcc/arm-none-eabi/6.3.1/thumb/v6-m\libgcc.a(_muldi3.o)
 .debug_frame   0x00000804       0x2c c:/program files (x86)/atmel/studio/7.0/toolchain/arm/arm-gnu-toolchain/bin/../lib/gcc/arm-none-eabi/6.3.1/../../../../arm-none-eabi/lib/thumb/v6-m\libc_nano.a(lib_a-init.o)

Cross Reference Table

Symbol                                            File
AC_Handler                                        src/ASF/sam0/utils/cmsis/samd20/source/gcc/startup_samd20.o
ADC_Handler                                       src/ASF/sam0/utils/cmsis/samd20/source/gcc/startup_samd20.o
DAC_Handler                                       src/ASF/sam0/utils/cmsis/samd20/source/gcc/startup_samd20.o
Dummy_Handler                                     src/ASF/sam0/utils/cmsis/samd20/source/gcc/startup_samd20.o
EIC_Handler                                       src/ASF/sam0/utils/cmsis/samd20/source/gcc/startup_samd20.o
EVSYS_Handler                                     src/ASF/sam0/utils/cmsis/samd20/source/gcc/startup_samd20.o
HardFault_Handler                                 src/ASF/sam0/utils/cmsis/samd20/source/gcc/startup_samd20.o
NMI_Handler                                       src/ASF/sam0/utils/cmsis/samd20/source/gcc/startup_samd20.o
NVMCTRL_Handler                                   src/ASF/sam0/utils/cmsis/samd20/source/gcc/startup_samd20.o
PM_Handler                                        src/ASF/sam0/utils/cmsis/samd20/source/gcc/startup_samd20.o
PTC_Handler                                       src/ASF/sam0/utils/cmsis/samd20/source/gcc/startup_samd20.o
PendSV_Handler                                    src/ASF/sam0/utils/cmsis/samd20/source/gcc/startup_samd20.o
RTC_Handler                                       src/ASF/sam0/utils/cmsis/samd20/source/gcc/startup_samd20.o
Reset_Handler                                     src/ASF/sam0/utils/cmsis/samd20/source/gcc/startup_samd20.o
SERCOM0_Handler                                   src/ASF/sam0/drivers/sercom/sercom_interrupt.o
SERCOM1_Handler                                   src/ASF/sam0/drivers/sercom/sercom_interrupt.o
SERCOM2_Handler                                   src/ASF/sam0/drivers/sercom/sercom_interrupt.o
SERCOM3_Handler                                   src/ASF/sam0/drivers/sercom/sercom_interrupt.o
SERCOM4_Handler                                   src/ASF/sam0/drivers/sercom/sercom_interrupt.o
SERCOM5_Handler                                   src/ASF/sam0/drivers/sercom/sercom_interrupt.o
SVC_Handler                                       src/ASF/sam0/utils/cmsis/samd20/source/gcc/startup_samd20.o
SYSCTRL_Handler                                   src/ASF/sam0/utils/cmsis/samd20/source/gcc/startup_samd20.o
SysTick_Handler                                   src/ASF/sam0/utils/cmsis/samd20/source/gcc/startup_samd20.o
SystemCoreClock                                   src/ASF/sam0/utils/cmsis/samd20/source/system_samd20.o
SystemCoreClockUpdate                             src/ASF/sam0/utils/cmsis/samd20/source/system_samd20.o
SystemInit                                        src/ASF/sam0/utils/cmsis/samd20/source/system_samd20.o
TC0_Handler                                       src/ASF/sam0/utils/cmsis/samd20/source/gcc/startup_samd20.o
TC1_Handler                                       src/ASF/sam0/utils/cmsis/samd20/source/gcc/startup_samd20.o
TC2_Handler                                       src/ASF/sam0/utils/cmsis/samd20/source/gcc/startup_samd20.o
TC3_Handler                                       src/ASF/sam0/utils/cmsis/samd20/source/gcc/startup_samd20.o
TC4_Handler                                       src/ASF/sam0/utils/cmsis/samd20/source/gcc/startup_samd20.o
TC5_Handler                                       src/ASF/sam0/utils/cmsis/samd20/source/gcc/startup_samd20.o
TC6_Handler                                       src/ASF/sam0/utils/cmsis/samd20/source/gcc/startup_samd20.o
TC7_Handler                                       src/ASF/sam0/utils/cmsis/samd20/source/gcc/startup_samd20.o
WDT_Handler                                       src/ASF/sam0/utils/cmsis/samd20/source/gcc/startup_samd20.o
_Jv_RegisterClasses                               c:/program files (x86)/atmel/studio/7.0/toolchain/arm/arm-gnu-toolchain/bin/../lib/gcc/arm-none-eabi/6.3.1/thumb/v6-m/crtbegin.o
__aeabi_idiv0                                     c:/program files (x86)/atmel/studio/7.0/toolchain/arm/arm-gnu-toolchain/bin/../lib/gcc/arm-none-eabi/6.3.1/thumb/v6-m\libgcc.a(_dvmd_tls.o)
                                                  c:/program files (x86)/atmel/studio/7.0/toolchain/arm/arm-gnu-toolchain/bin/../lib/gcc/arm-none-eabi/6.3.1/thumb/v6-m\libgcc.a(_udivsi3.o)
__aeabi_ldiv0                                     c:/program files (x86)/atmel/studio/7.0/toolchain/arm/arm-gnu-toolchain/bin/../lib/gcc/arm-none-eabi/6.3.1/thumb/v6-m\libgcc.a(_dvmd_tls.o)
__aeabi_lmul                                      c:/program files (x86)/atmel/studio/7.0/toolchain/arm/arm-gnu-toolchain/bin/../lib/gcc/arm-none-eabi/6.3.1/thumb/v6-m\libgcc.a(_muldi3.o)
                                                  src/ASF/sam0/drivers/sercom/sercom.o
__aeabi_uidiv                                     c:/program files (x86)/atmel/studio/7.0/toolchain/arm/arm-gnu-toolchain/bin/../lib/gcc/arm-none-eabi/6.3.1/thumb/v6-m\libgcc.a(_udivsi3.o)
                                                  src/ASF/sam0/drivers/system/clock/clock_samd20/gclk.o
__aeabi_uidivmod                                  c:/program files (x86)/atmel/studio/7.0/toolchain/arm/arm-gnu-toolchain/bin/../lib/gcc/arm-none-eabi/6.3.1/thumb/v6-m\libgcc.a(_udivsi3.o)
__bss_end__                                       c:/program files (x86)/atmel/studio/7.0/toolchain/arm/arm-gnu-toolchain/bin/../lib/gcc/arm-none-eabi/6.3.1/../../../../arm-none-eabi/lib/thumb/v6-m/crt0.o
__bss_start__                                     c:/program files (x86)/atmel/studio/7.0/toolchain/arm/arm-gnu-toolchain/bin/../lib/gcc/arm-none-eabi/6.3.1/../../../../arm-none-eabi/lib/thumb/v6-m/crt0.o
__call_exitprocs                                  c:/program files (x86)/atmel/studio/7.0/toolchain/arm/arm-gnu-toolchain/bin/../lib/gcc/arm-none-eabi/6.3.1/../../../../arm-none-eabi/lib/thumb/v6-m\libc_nano.a(lib_a-exit.o)
__deregister_frame_info                           c:/program files (x86)/atmel/studio/7.0/toolchain/arm/arm-gnu-toolchain/bin/../lib/gcc/arm-none-eabi/6.3.1/thumb/v6-m/crtbegin.o
__dso_handle                                      c:/program files (x86)/atmel/studio/7.0/toolchain/arm/arm-gnu-toolchain/bin/../lib/gcc/arm-none-eabi/6.3.1/thumb/v6-m/crtbegin.o
__init_array_end                                  c:/program files (x86)/atmel/studio/7.0/toolchain/arm/arm-gnu-toolchain/bin/../lib/gcc/arm-none-eabi/6.3.1/../../../../arm-none-eabi/lib/thumb/v6-m\libc_nano.a(lib_a-init.o)
__init_array_start                                c:/program files (x86)/atmel/studio/7.0/toolchain/arm/arm-gnu-toolchain/bin/../lib/gcc/arm-none-eabi/6.3.1/../../../../arm-none-eabi/lib/thumb/v6-m\libc_nano.a(lib_a-init.o)
__libc_fini_array                                 c:/program files (x86)/atmel/studio/7.0/toolchain/arm/arm-gnu-toolchain/bin/../lib/gcc/arm-none-eabi/6.3.1/../../../../arm-none-eabi/lib/thumb/v6-m/crt0.o
__libc_init_array                                 c:/program files (x86)/atmel/studio/7.0/toolchain/arm/arm-gnu-toolchain/bin/../lib/gcc/arm-none-eabi/6.3.1/../../../../arm-none-eabi/lib/thumb/v6-m\libc_nano.a(lib_a-init.o)
                                                  src/ASF/sam0/utils/cmsis/samd20/source/gcc/startup_samd20.o
                                                  c:/program files (x86)/atmel/studio/7.0/toolchain/arm/arm-gnu-toolchain/bin/../lib/gcc/arm-none-eabi/6.3.1/../../../../arm-none-eabi/lib/thumb/v6-m/crt0.o
__muldi3                                          c:/program files (x86)/atmel/studio/7.0/toolchain/arm/arm-gnu-toolchain/bin/../lib/gcc/arm-none-eabi/6.3.1/thumb/v6-m\libgcc.a(_muldi3.o)
__preinit_array_end                               c:/program files (x86)/atmel/studio/7.0/toolchain/arm/arm-gnu-toolchain/bin/../lib/gcc/arm-none-eabi/6.3.1/../../../../arm-none-eabi/lib/thumb/v6-m\libc_nano.a(lib_a-init.o)
__preinit_array_start                             c:/program files (x86)/atmel/studio/7.0/toolchain/arm/arm-gnu-toolchain/bin/../lib/gcc/arm-none-eabi/6.3.1/../../../../arm-none-eabi/lib/thumb/v6-m\libc_nano.a(lib_a-init.o)
__register_frame_info                             c:/program files (x86)/atmel/studio/7.0/toolchain/arm/arm-gnu-toolchain/bin/../lib/gcc/arm-none-eabi/6.3.1/thumb/v6-m/crtbegin.o
__sf_fake_stderr                                  c:/program files (x86)/atmel/studio/7.0/toolchain/arm/arm-gnu-toolchain/bin/../lib/gcc/arm-none-eabi/6.3.1/../../../../arm-none-eabi/lib/thumb/v6-m\libc_nano.a(lib_a-impure.o)
__sf_fake_stdin                                   c:/program files (x86)/atmel/studio/7.0/toolchain/arm/arm-gnu-toolchain/bin/../lib/gcc/arm-none-eabi/6.3.1/../../../../arm-none-eabi/lib/thumb/v6-m\libc_nano.a(lib_a-impure.o)
__sf_fake_stdout                                  c:/program files (x86)/atmel/studio/7.0/toolchain/arm/arm-gnu-toolchain/bin/../lib/gcc/arm-none-eabi/6.3.1/../../../../arm-none-eabi/lib/thumb/v6-m\libc_nano.a(lib_a-impure.o)
__stack                                           c:/program files (x86)/atmel/studio/7.0/toolchain/arm/arm-gnu-toolchain/bin/../lib/gcc/arm-none-eabi/6.3.1/../../../../arm-none-eabi/lib/thumb/v6-m/crt0.o
__udivsi3                                         c:/program files (x86)/atmel/studio/7.0/toolchain/arm/arm-gnu-toolchain/bin/../lib/gcc/arm-none-eabi/6.3.1/thumb/v6-m\libgcc.a(_udivsi3.o)
_close                                            src/ASF/sam0/utils/syscalls/gcc/syscalls.o
_end                                              src/ASF/sam0/utils/syscalls/gcc/syscalls.o
_erelocate                                        src/ASF/sam0/utils/cmsis/samd20/source/gcc/startup_samd20.o
_estack                                           src/ASF/sam0/utils/cmsis/samd20/source/gcc/startup_samd20.o
_etext                                            src/ASF/sam0/utils/cmsis/samd20/source/gcc/startup_samd20.o
_exit                                             src/ASF/sam0/utils/syscalls/gcc/syscalls.o
                                                  c:/program files (x86)/atmel/studio/7.0/toolchain/arm/arm-gnu-toolchain/bin/../lib/gcc/arm-none-eabi/6.3.1/../../../../arm-none-eabi/lib/thumb/v6-m\libc_nano.a(lib_a-exit.o)
_ezero                                            src/ASF/sam0/utils/cmsis/samd20/source/gcc/startup_samd20.o
_fini                                             c:/program files (x86)/atmel/studio/7.0/toolchain/arm/arm-gnu-toolchain/bin/../lib/gcc/arm-none-eabi/6.3.1/thumb/v6-m/crti.o
_fstat                                            src/ASF/sam0/utils/syscalls/gcc/syscalls.o
_getpid                                           src/ASF/sam0/utils/syscalls/gcc/syscalls.o
_global_impure_ptr                                c:/program files (x86)/atmel/studio/7.0/toolchain/arm/arm-gnu-toolchain/bin/../lib/gcc/arm-none-eabi/6.3.1/../../../../arm-none-eabi/lib/thumb/v6-m\libc_nano.a(lib_a-impure.o)
                                                  c:/program files (x86)/atmel/studio/7.0/toolchain/arm/arm-gnu-toolchain/bin/../lib/gcc/arm-none-eabi/6.3.1/../../../../arm-none-eabi/lib/thumb/v6-m\libc_nano.a(lib_a-exit.o)
_impure_ptr                                       c:/program files (x86)/atmel/studio/7.0/toolchain/arm/arm-gnu-toolchain/bin/../lib/gcc/arm-none-eabi/6.3.1/../../../../arm-none-eabi/lib/thumb/v6-m\libc_nano.a(lib_a-impure.o)
_init                                             c:/program files (x86)/atmel/studio/7.0/toolchain/arm/arm-gnu-toolchain/bin/../lib/gcc/arm-none-eabi/6.3.1/thumb/v6-m/crti.o
                                                  c:/program files (x86)/atmel/studio/7.0/toolchain/arm/arm-gnu-toolchain/bin/../lib/gcc/arm-none-eabi/6.3.1/../../../../arm-none-eabi/lib/thumb/v6-m\libc_nano.a(lib_a-init.o)
_isatty                                           src/ASF/sam0/utils/syscalls/gcc/syscalls.o
_kill                                             src/ASF/sam0/utils/syscalls/gcc/syscalls.o
_lseek                                            src/ASF/sam0/utils/syscalls/gcc/syscalls.o
_mainCRTStartup                                   c:/program files (x86)/atmel/studio/7.0/toolchain/arm/arm-gnu-toolchain/bin/../lib/gcc/arm-none-eabi/6.3.1/../../../../arm-none-eabi/lib/thumb/v6-m/crt0.o
_sbrk                                             src/ASF/sam0/utils/syscalls/gcc/syscalls.o
_sercom_get_async_baud_val                        src/ASF/sam0/drivers/sercom/sercom.o
                                                  src/ASF/sam0/drivers/sercom/usart/usart.o
_sercom_get_default_pad                           src/ASF/sam0/drivers/sercom/sercom.o
                                                  src/ASF/sam0/drivers/sercom/usart/usart.o
_sercom_get_interrupt_vector                      src/ASF/sam0/drivers/sercom/sercom_interrupt.o
                                                  src/main.o
_sercom_get_sercom_inst_index                     src/ASF/sam0/drivers/sercom/sercom.o
                                                  src/ASF/sam0/drivers/sercom/sercom_interrupt.o
                                                  src/ASF/sam0/drivers/sercom/usart/usart.o
_sercom_get_sync_baud_val                         src/ASF/sam0/drivers/sercom/sercom.o
                                                  src/ASF/sam0/drivers/sercom/usart/usart.o
_sercom_instances                                 src/ASF/sam0/drivers/sercom/sercom_interrupt.o
                                                  src/ASF/sam0/drivers/sercom/usart/usart_interrupt.o
                                                  src/ASF/sam0/drivers/sercom/usart/usart.o
_sercom_set_handler                               src/ASF/sam0/drivers/sercom/sercom_interrupt.o
                                                  src/ASF/sam0/drivers/sercom/usart/usart.o
_sfixed                                           src/ASF/sam0/utils/cmsis/samd20/source/gcc/startup_samd20.o
_srelocate                                        src/ASF/sam0/utils/cmsis/samd20/source/gcc/startup_samd20.o
_start                                            c:/program files (x86)/atmel/studio/7.0/toolchain/arm/arm-gnu-toolchain/bin/../lib/gcc/arm-none-eabi/6.3.1/../../../../arm-none-eabi/lib/thumb/v6-m/crt0.o
_system_divas_init                                src/ASF/sam0/drivers/system/system.o
_system_dummy_init                                src/ASF/sam0/drivers/system/system.o
_system_events_init                               src/ASF/sam0/drivers/system/system.o
_system_extint_init                               src/ASF/sam0/drivers/system/system.o
_szero                                            src/ASF/sam0/utils/cmsis/samd20/source/gcc/startup_samd20.o
_usart_interrupt_handler                          src/ASF/sam0/drivers/sercom/usart/usart_interrupt.o
                                                  src/ASF/sam0/drivers/sercom/usart/usart.o
_usart_read_buffer                                src/ASF/sam0/drivers/sercom/usart/usart_interrupt.o
_usart_write_buffer                               src/ASF/sam0/drivers/sercom/usart/usart_interrupt.o
atexit                                            c:/program files (x86)/atmel/studio/7.0/toolchain/arm/arm-gnu-toolchain/bin/../lib/gcc/arm-none-eabi/6.3.1/../../../../arm-none-eabi/lib/thumb/v6-m/crt0.o
board_init                                        src/ASF/sam0/boards/samd20_xplained_pro/board_init.o
configure_usart                                   src/main.o
cpu_irq_enter_critical                            src/ASF/common/utils/interrupt/interrupt_sam_nvic.o
                                                  src/ASF/sam0/drivers/system/clock/clock_samd20/gclk.o
                                                  src/ASF/sam0/drivers/sercom/usart/usart_interrupt.o
cpu_irq_leave_critical                            src/ASF/common/utils/interrupt/interrupt_sam_nvic.o
                                                  src/ASF/sam0/drivers/system/clock/clock_samd20/gclk.o
                                                  src/ASF/sam0/drivers/sercom/usart/usart_interrupt.o
exception_table                                   src/ASF/sam0/utils/cmsis/samd20/source/gcc/startup_samd20.o
exit                                              c:/program files (x86)/atmel/studio/7.0/toolchain/arm/arm-gnu-toolchain/bin/../lib/gcc/arm-none-eabi/6.3.1/../../../../arm-none-eabi/lib/thumb/v6-m\libc_nano.a(lib_a-exit.o)
                                                  c:/program files (x86)/atmel/studio/7.0/toolchain/arm/arm-gnu-toolchain/bin/../lib/gcc/arm-none-eabi/6.3.1/../../../../arm-none-eabi/lib/thumb/v6-m/crt0.o
g_interrupt_enabled                               src/ASF/common/utils/interrupt/interrupt_sam_nvic.o
hardware_init_hook                                c:/program files (x86)/atmel/studio/7.0/toolchain/arm/arm-gnu-toolchain/bin/../lib/gcc/arm-none-eabi/6.3.1/../../../../arm-none-eabi/lib/thumb/v6-m/crt0.o
link                                              src/ASF/sam0/utils/syscalls/gcc/syscalls.o
main                                              src/main.o
                                                  src/ASF/sam0/utils/cmsis/samd20/source/gcc/startup_samd20.o
                                                  c:/program files (x86)/atmel/studio/7.0/toolchain/arm/arm-gnu-toolchain/bin/../lib/gcc/arm-none-eabi/6.3.1/../../../../arm-none-eabi/lib/thumb/v6-m/crt0.o
memset                                            c:/program files (x86)/atmel/studio/7.0/toolchain/arm/arm-gnu-toolchain/bin/../lib/gcc/arm-none-eabi/6.3.1/../../../../arm-none-eabi/lib/thumb/v6-m\libc_nano.a(lib_a-memset.o)
                                                  c:/program files (x86)/atmel/studio/7.0/toolchain/arm/arm-gnu-toolchain/bin/../lib/gcc/arm-none-eabi/6.3.1/../../../../arm-none-eabi/lib/thumb/v6-m/crt0.o
port_group_set_config                             src/ASF/sam0/drivers/port/port.o
port_pin_set_config                               src/ASF/sam0/drivers/port/port.o
                                                  src/ASF/sam0/boards/samd20_xplained_pro/board_init.o
sercom_set_gclk_generator                         src/ASF/sam0/drivers/sercom/sercom.o
                                                  src/ASF/sam0/drivers/sercom/usart/usart.o
software_init_hook                                c:/program files (x86)/atmel/studio/7.0/toolchain/arm/arm-gnu-toolchain/bin/../lib/gcc/arm-none-eabi/6.3.1/../../../../arm-none-eabi/lib/thumb/v6-m/crt0.o
system_board_init                                 src/ASF/sam0/boards/samd20_xplained_pro/board_init.o
system_clock_init                                 src/ASF/sam0/drivers/system/clock/clock_samd20/clock.o
system_clock_source_dfll_set_config               src/ASF/sam0/drivers/system/clock/clock_samd20/clock.o
system_clock_source_disable                       src/ASF/sam0/drivers/system/clock/clock_samd20/clock.o
system_clock_source_enable                        src/ASF/sam0/drivers/system/clock/clock_samd20/clock.o
system_clock_source_get_hz                        src/ASF/sam0/drivers/system/clock/clock_samd20/clock.o
                                                  src/ASF/sam0/drivers/system/clock/clock_samd20/gclk.o
system_clock_source_is_ready                      src/ASF/sam0/drivers/system/clock/clock_samd20/clock.o
system_clock_source_osc32k_set_config             src/ASF/sam0/drivers/system/clock/clock_samd20/clock.o
system_clock_source_osc8m_set_config              src/ASF/sam0/drivers/system/clock/clock_samd20/clock.o
system_clock_source_write_calibration             src/ASF/sam0/drivers/system/clock/clock_samd20/clock.o
system_clock_source_xosc32k_set_config            src/ASF/sam0/drivers/system/clock/clock_samd20/clock.o
system_clock_source_xosc_set_config               src/ASF/sam0/drivers/system/clock/clock_samd20/clock.o
system_gclk_chan_disable                          src/ASF/sam0/drivers/system/clock/clock_samd20/gclk.o
system_gclk_chan_enable                           src/ASF/sam0/drivers/system/clock/clock_samd20/gclk.o
                                                  src/ASF/sam0/drivers/sercom/usart/usart.o
                                                  src/ASF/sam0/drivers/sercom/sercom.o
system_gclk_chan_get_hz                           src/ASF/sam0/drivers/system/clock/clock_samd20/gclk.o
                                                  src/ASF/sam0/drivers/system/clock/clock_samd20/clock.o
                                                  src/ASF/sam0/drivers/sercom/usart/usart.o
system_gclk_chan_is_enabled                       src/ASF/sam0/drivers/system/clock/clock_samd20/gclk.o
system_gclk_chan_is_locked                        src/ASF/sam0/drivers/system/clock/clock_samd20/gclk.o
system_gclk_chan_lock                             src/ASF/sam0/drivers/system/clock/clock_samd20/gclk.o
system_gclk_chan_set_config                       src/ASF/sam0/drivers/system/clock/clock_samd20/gclk.o
                                                  src/ASF/sam0/drivers/system/clock/clock_samd20/clock.o
                                                  src/ASF/sam0/drivers/sercom/usart/usart.o
                                                  src/ASF/sam0/drivers/sercom/sercom.o
system_gclk_gen_disable                           src/ASF/sam0/drivers/system/clock/clock_samd20/gclk.o
system_gclk_gen_enable                            src/ASF/sam0/drivers/system/clock/clock_samd20/gclk.o
                                                  src/ASF/sam0/drivers/system/clock/clock_samd20/clock.o
system_gclk_gen_get_hz                            src/ASF/sam0/drivers/system/clock/clock_samd20/gclk.o
system_gclk_gen_is_enabled                        src/ASF/sam0/drivers/system/clock/clock_samd20/gclk.o
system_gclk_gen_set_config                        src/ASF/sam0/drivers/system/clock/clock_samd20/gclk.o
                                                  src/ASF/sam0/drivers/system/clock/clock_samd20/clock.o
system_gclk_init                                  src/ASF/sam0/drivers/system/clock/clock_samd20/gclk.o
                                                  src/ASF/sam0/drivers/system/clock/clock_samd20/clock.o
system_init                                       src/ASF/sam0/drivers/system/system.o
                                                  src/main.o
system_interrupt_clear_pending                    src/ASF/sam0/drivers/system/interrupt/system_interrupt.o
system_interrupt_get_priority                     src/ASF/sam0/drivers/system/interrupt/system_interrupt.o
system_interrupt_is_pending                       src/ASF/sam0/drivers/system/interrupt/system_interrupt.o
system_interrupt_set_pending                      src/ASF/sam0/drivers/system/interrupt/system_interrupt.o
system_interrupt_set_priority                     src/ASF/sam0/drivers/system/interrupt/system_interrupt.o
system_pinmux_group_set_config                    src/ASF/sam0/drivers/system/pinmux/pinmux.o
                                                  src/ASF/sam0/drivers/port/port.o
system_pinmux_group_set_input_sample_mode         src/ASF/sam0/drivers/system/pinmux/pinmux.o
system_pinmux_pin_set_config                      src/ASF/sam0/drivers/system/pinmux/pinmux.o
                                                  src/ASF/sam0/drivers/port/port.o
                                                  src/ASF/sam0/drivers/sercom/usart/usart.o
usart_abort_job                                   src/ASF/sam0/drivers/sercom/usart/usart_interrupt.o
usart_get_job_status                              src/ASF/sam0/drivers/sercom/usart/usart_interrupt.o
usart_init                                        src/ASF/sam0/drivers/sercom/usart/usart.o
                                                  src/main.o
usart_instance                                    src/main.o
usart_read_buffer_job                             src/ASF/sam0/drivers/sercom/usart/usart_interrupt.o
usart_read_buffer_wait                            src/ASF/sam0/drivers/sercom/usart/usart.o
usart_read_job                                    src/ASF/sam0/drivers/sercom/usart/usart_interrupt.o
usart_read_wait                                   src/ASF/sam0/drivers/sercom/usart/usart.o
                                                  src/main.o
usart_register_callback                           src/ASF/sam0/drivers/sercom/usart/usart_interrupt.o
usart_unregister_callback                         src/ASF/sam0/drivers/sercom/usart/usart_interrupt.o
usart_write_buffer_job                            src/ASF/sam0/drivers/sercom/usart/usart_interrupt.o
usart_write_buffer_wait                           src/ASF/sam0/drivers/sercom/usart/usart.o
                                                  src/main.o
usart_write_job                                   src/ASF/sam0/drivers/sercom/usart/usart_interrupt.o
usart_write_wait                                  src/ASF/sam0/drivers/sercom/usart/usart.o
                                                  src/main.o
